../Core/Src/main.c:91:5:main	8	static
../Core/Src/main.c:154:6:SystemClock_Config	88	static
../Core/Src/main.c:196:13:MX_ADC1_Init	24	static
../Core/Src/main.c:248:13:MX_DFSDM2_Init	8	static
../Core/Src/main.c:365:13:MX_TIM1_Init	96	static
../Core/Src/main.c:449:13:MX_TIM3_Init	32	static
../Core/Src/main.c:501:13:MX_TIM4_Init	64	static
../Core/Src/main.c:560:13:MX_UART4_Init	8	static
../Core/Src/main.c:593:13:MX_GPIO_Init	48	static
../Core/Src/main.c:649:6:Error_Handler	4	static,ignoring_inline_asm
