../Core/Src/main.c:92:5:main	8	static
../Core/Src/main.c:153:6:SystemClock_Config	88	static
../Core/Src/main.c:195:13:MX_ADC1_Init	24	static
../Core/Src/main.c:247:13:MX_DFSDM2_Init	8	static
../Core/Src/main.c:364:13:MX_TIM1_Init	96	static
../Core/Src/main.c:447:13:MX_TIM3_Init	32	static
../Core/Src/main.c:499:13:MX_TIM4_Init	64	static
../Core/Src/main.c:558:13:MX_UART4_Init	8	static
../Core/Src/main.c:591:13:MX_GPIO_Init	48	static
../Core/Src/main.c:641:13:PWM_Init	4	static
../Core/Src/main.c:678:13:PWM_Enable	4	static
../Core/Src/main.c:691:6:Error_Handler	4	static,ignoring_inline_asm
